=== RUN   TestOpenCodeTools
--- PASS: TestOpenCodeTools (45.83s)
=== RUN   TestClaudeCodeTools
--- PASS: TestClaudeCodeTools (2.43s)
=== RUN   TestAnthropicToolDefinitions
--- PASS: TestAnthropicToolDefinitions (0.32s)
=== RUN   TestOpenCodeBeadsProtocol
--- PASS: TestOpenCodeBeadsProtocol (0.11s)
=== RUN   TestClaudeCodeAnthropicProtocol
--- PASS: TestClaudeCodeAnthropicProtocol (0.15s)
=== RUN   TestLargeToolSet
--- PASS: TestLargeToolSet (0.30s)
=== RUN   TestLargeSystemPrompt
--- PASS: TestLargeSystemPrompt (0.09s)
=== RUN   TestInvalidToolCall
--- PASS: TestInvalidToolCall (0.29s)
=== RUN   TestModelDiscoveryAndUsage
    proxy_test.go:393: Testing OpenRouter model: google/gemma-4-26b-a4b-it:free
    proxy_test.go:400: Testing NVIDIA model: nvidia/nemotron-nano-9b-v2:free
    proxy_test.go:405: Ollama Cloud models not found in discovery list
--- FAIL: TestModelDiscoveryAndUsage (0.32s)
=== RUN   TestToolCapableModelPreference
    proxy_test.go:473: Found 34 OpenRouter models, 26 NVIDIA models
--- PASS: TestToolCapableModelPreference (37.32s)
=== RUN   TestModelFallbackChain
    proxy_test.go:546: Request 0 succeeded with model: meta/llama-3.2-11b-vision-instruct
    proxy_test.go:546: Request 1 succeeded with model: meta/llama-3.2-11b-vision-instruct
    proxy_test.go:546: Request 2 succeeded with model: meta/llama-3.2-11b-vision-instruct
    proxy_test.go:546: Request 3 succeeded with model: meta/llama-3.2-11b-vision-instruct
    proxy_test.go:546: Request 4 succeeded with model: meta/llama-3.2-11b-vision-instruct
    proxy_test.go:557: Fallback test: 5 succeeded, 0 failed
--- PASS: TestModelFallbackChain (4.46s)
=== RUN   TestMarkdownToolExtraction
--- PASS: TestMarkdownToolExtraction (0.00s)
=== RUN   TestConversationalToolExtraction
    proxy_test.go:588: Tool 0: 'gt hook'
--- PASS: TestConversationalToolExtraction (0.00s)
FAIL
FAIL	github.com/sipeed/picoclaw/freeride	91.611s
FAIL
